// Jest Snapshot v1, https://goo.gl/fbAQLP

exports[`validationStepOne:  Should return error: confirm password required 1`] = `[SubmissionError: Submit Validation Failed]`;

exports[`validationStepOne:  Should return error: email required 1`] = `[SubmissionError: Submit Validation Failed]`;

exports[`validationStepOne:  Should return error: invalid email address 1`] = `[SubmissionError: Submit Validation Failed]`;

exports[`validationStepOne:  Should return error: password mismatch 1`] = `[SubmissionError: Submit Validation Failed]`;

exports[`validationStepOne:  Should return error: password must be at least 6 characters 1`] = `[SubmissionError: Submit Validation Failed]`;

exports[`validationStepOne:  Should return error: password required 1`] = `[SubmissionError: Submit Validation Failed]`;

exports[`validationStepOne:  Should return true 1`] = `true`;

exports[`validationStepTwo:  Should return error: day invalid 1`] = `[SubmissionError: Submit Validation Failed]`;

exports[`validationStepTwo:  Should return error: day required 1`] = `[SubmissionError: Submit Validation Failed]`;

exports[`validationStepTwo:  Should return error: month invalid 1`] = `[SubmissionError: Submit Validation Failed]`;

exports[`validationStepTwo:  Should return error: month required 1`] = `[SubmissionError: Submit Validation Failed]`;

exports[`validationStepTwo:  Should return error: year invalid 1`] = `[SubmissionError: Submit Validation Failed]`;

exports[`validationStepTwo:  Should return error: year required 1`] = `[SubmissionError: Submit Validation Failed]`;
